============================= test session starts =============================
platform win32 -- Python 3.12.0, pytest-9.0.2, pluggy-1.6.0
rootdir: C:\Users\hpwor\OneDrive\Desktop\Sweet Shop Management System\backend
configfile: pytest.ini
plugins: anyio-4.11.0
collected 4 items

tests\test_auth.py FFFF                                                  [100%]

================================== FAILURES ===================================
_________________________ test_register_user_success __________________________

client = <starlette.testclient.TestClient object at 0x00000203852D9C70>

    def test_register_user_success(client):
        """
        Test that a new user can register successfully.
        Expected: HTTP 201 Created and JSON response with user details.
        """
        payload = {
            "name": "Test User",
            "email": "test@example.com",
            "password": "strongpassword123"
        }
>       response = client.post("/auth/register", json=payload)
                   ^^^^^^^^^^^^^^^^^^^^^^^^^^^^^^^^^^^^^^^^^^^

tests\test_auth.py:11: 
_ _ _ _ _ _ _ _ _ _ _ _ _ _ _ _ _ _ _ _ _ _ _ _ _ _ _ _ _ _ _ _ _ _ _ _ _ _ _ _
..\..\..\..\AppData\Local\Programs\Python\Python312\Lib\site-packages\starlette\testclient.py:546: in post
    return super().post(
..\..\..\..\AppData\Local\Programs\Python\Python312\Lib\site-packages\httpx\_client.py:1144: in post
    return self.request(
..\..\..\..\AppData\Local\Programs\Python\Python312\Lib\site-packages\starlette\testclient.py:445: in request
    return super().request(
..\..\..\..\AppData\Local\Programs\Python\Python312\Lib\site-packages\httpx\_client.py:825: in request
    return self.send(request, auth=auth, follow_redirects=follow_redirects)
           ^^^^^^^^^^^^^^^^^^^^^^^^^^^^^^^^^^^^^^^^^^^^^^^^^^^^^^^^^^^^^^^^
..\..\..\..\AppData\Local\Programs\Python\Python312\Lib\site-packages\httpx\_client.py:914: in send
    response = self._send_handling_auth(
..\..\..\..\AppData\Local\Programs\Python\Python312\Lib\site-packages\httpx\_client.py:942: in _send_handling_auth
    response = self._send_handling_redirects(
..\..\..\..\AppData\Local\Programs\Python\Python312\Lib\site-packages\httpx\_client.py:979: in _send_handling_redirects
    response = self._send_single_request(request)
               ^^^^^^^^^^^^^^^^^^^^^^^^^^^^^^^^^^
..\..\..\..\AppData\Local\Programs\Python\Python312\Lib\site-packages\httpx\_client.py:1014: in _send_single_request
    response = transport.handle_request(request)
               ^^^^^^^^^^^^^^^^^^^^^^^^^^^^^^^^^
..\..\..\..\AppData\Local\Programs\Python\Python312\Lib\site-packages\starlette\testclient.py:348: in handle_request
    raise exc
..\..\..\..\AppData\Local\Programs\Python\Python312\Lib\site-packages\starlette\testclient.py:345: in handle_request
    portal.call(self.app, scope, receive, send)
..\..\..\..\AppData\Local\Programs\Python\Python312\Lib\site-packages\anyio\from_thread.py:321: in call
    return cast(T_Retval, self.start_task_soon(func, *args).result())
                          ^^^^^^^^^^^^^^^^^^^^^^^^^^^^^^^^^^^^^^^^^^
..\..\..\..\AppData\Local\Programs\Python\Python312\Lib\concurrent\futures\_base.py:456: in result
    return self.__get_result()
           ^^^^^^^^^^^^^^^^^^^
..\..\..\..\AppData\Local\Programs\Python\Python312\Lib\concurrent\futures\_base.py:401: in __get_result
    raise self._exception
..\..\..\..\AppData\Local\Programs\Python\Python312\Lib\site-packages\anyio\from_thread.py:252: in _call_func
    retval = await retval_or_awaitable
             ^^^^^^^^^^^^^^^^^^^^^^^^^
..\..\..\..\AppData\Local\Programs\Python\Python312\Lib\site-packages\fastapi\applications.py:1139: in __call__
    await super().__call__(scope, receive, send)
..\..\..\..\AppData\Local\Programs\Python\Python312\Lib\site-packages\starlette\applications.py:107: in __call__
    await self.middleware_stack(scope, receive, send)
..\..\..\..\AppData\Local\Programs\Python\Python312\Lib\site-packages\starlette\middleware\errors.py:186: in __call__
    raise exc
..\..\..\..\AppData\Local\Programs\Python\Python312\Lib\site-packages\starlette\middleware\errors.py:164: in __call__
    await self.app(scope, receive, _send)
..\..\..\..\AppData\Local\Programs\Python\Python312\Lib\site-packages\starlette\middleware\exceptions.py:63: in __call__
    await wrap_app_handling_exceptions(self.app, conn)(scope, receive, send)
..\..\..\..\AppData\Local\Programs\Python\Python312\Lib\site-packages\starlette\_exception_handler.py:53: in wrapped_app
    raise exc
..\..\..\..\AppData\Local\Programs\Python\Python312\Lib\site-packages\starlette\_exception_handler.py:42: in wrapped_app
    await app(scope, receive, sender)
..\..\..\..\AppData\Local\Programs\Python\Python312\Lib\site-packages\fastapi\middleware\asyncexitstack.py:18: in __call__
    await self.app(scope, receive, send)
..\..\..\..\AppData\Local\Programs\Python\Python312\Lib\site-packages\starlette\routing.py:716: in __call__
    await self.middleware_stack(scope, receive, send)
..\..\..\..\AppData\Local\Programs\Python\Python312\Lib\site-packages\starlette\routing.py:736: in app
    await route.handle(scope, receive, send)
..\..\..\..\AppData\Local\Programs\Python\Python312\Lib\site-packages\starlette\routing.py:290: in handle
    await self.app(scope, receive, send)
..\..\..\..\AppData\Local\Programs\Python\Python312\Lib\site-packages\fastapi\routing.py:120: in app
    await wrap_app_handling_exceptions(app, request)(scope, receive, send)
..\..\..\..\AppData\Local\Programs\Python\Python312\Lib\site-packages\starlette\_exception_handler.py:53: in wrapped_app
    raise exc
..\..\..\..\AppData\Local\Programs\Python\Python312\Lib\site-packages\starlette\_exception_handler.py:42: in wrapped_app
    await app(scope, receive, sender)
..\..\..\..\AppData\Local\Programs\Python\Python312\Lib\site-packages\fastapi\routing.py:106: in app
    response = await f(request)
               ^^^^^^^^^^^^^^^^
..\..\..\..\AppData\Local\Programs\Python\Python312\Lib\site-packages\fastapi\routing.py:430: in app
    raw_response = await run_endpoint_function(
..\..\..\..\AppData\Local\Programs\Python\Python312\Lib\site-packages\fastapi\routing.py:318: in run_endpoint_function
    return await run_in_threadpool(dependant.call, **values)
           ^^^^^^^^^^^^^^^^^^^^^^^^^^^^^^^^^^^^^^^^^^^^^^^^^
..\..\..\..\AppData\Local\Programs\Python\Python312\Lib\site-packages\starlette\concurrency.py:32: in run_in_threadpool
    return await anyio.to_thread.run_sync(func)
           ^^^^^^^^^^^^^^^^^^^^^^^^^^^^^^^^^^^^
..\..\..\..\AppData\Local\Programs\Python\Python312\Lib\site-packages\anyio\to_thread.py:56: in run_sync
    return await get_async_backend().run_sync_in_worker_thread(
..\..\..\..\AppData\Local\Programs\Python\Python312\Lib\site-packages\anyio\_backends\_asyncio.py:2485: in run_sync_in_worker_thread
    return await future
           ^^^^^^^^^^^^
..\..\..\..\AppData\Local\Programs\Python\Python312\Lib\site-packages\anyio\_backends\_asyncio.py:976: in run
    result = context.run(func, *args)
             ^^^^^^^^^^^^^^^^^^^^^^^^
app\api\auth.py:24: in register
    password_hash=get_password_hash(user_in.password),
                  ^^^^^^^^^^^^^^^^^^^^^^^^^^^^^^^^^^^
app\core\security.py:20: in get_password_hash
    return pwd_context.hash(password)
           ^^^^^^^^^^^^^^^^^^^^^^^^^^
..\..\..\..\AppData\Local\Programs\Python\Python312\Lib\site-packages\passlib\context.py:2258: in hash
    return record.hash(secret, **kwds)
           ^^^^^^^^^^^^^^^^^^^^^^^^^^^
..\..\..\..\AppData\Local\Programs\Python\Python312\Lib\site-packages\passlib\utils\handlers.py:779: in hash
    self.checksum = self._calc_checksum(secret)
                    ^^^^^^^^^^^^^^^^^^^^^^^^^^^
..\..\..\..\AppData\Local\Programs\Python\Python312\Lib\site-packages\passlib\handlers\bcrypt.py:591: in _calc_checksum
    self._stub_requires_backend()
..\..\..\..\AppData\Local\Programs\Python\Python312\Lib\site-packages\passlib\utils\handlers.py:2254: in _stub_requires_backend
    cls.set_backend()
..\..\..\..\AppData\Local\Programs\Python\Python312\Lib\site-packages\passlib\utils\handlers.py:2156: in set_backend
    return owner.set_backend(name, dryrun=dryrun)
           ^^^^^^^^^^^^^^^^^^^^^^^^^^^^^^^^^^^^^^
..\..\..\..\AppData\Local\Programs\Python\Python312\Lib\site-packages\passlib\utils\handlers.py:2163: in set_backend
    return cls.set_backend(name, dryrun=dryrun)
           ^^^^^^^^^^^^^^^^^^^^^^^^^^^^^^^^^^^^
..\..\..\..\AppData\Local\Programs\Python\Python312\Lib\site-packages\passlib\utils\handlers.py:2188: in set_backend
    cls._set_backend(name, dryrun)
..\..\..\..\AppData\Local\Programs\Python\Python312\Lib\site-packages\passlib\utils\handlers.py:2311: in _set_backend
    super(SubclassBackendMixin, cls)._set_backend(name, dryrun)
..\..\..\..\AppData\Local\Programs\Python\Python312\Lib\site-packages\passlib\utils\handlers.py:2224: in _set_backend
    ok = loader(**kwds)
         ^^^^^^^^^^^^^^
..\..\..\..\AppData\Local\Programs\Python\Python312\Lib\site-packages\passlib\handlers\bcrypt.py:626: in _load_backend_mixin
    return mixin_cls._finalize_backend_mixin(name, dryrun)
           ^^^^^^^^^^^^^^^^^^^^^^^^^^^^^^^^^^^^^^^^^^^^^^^
..\..\..\..\AppData\Local\Programs\Python\Python312\Lib\site-packages\passlib\handlers\bcrypt.py:421: in _finalize_backend_mixin
    if detect_wrap_bug(IDENT_2A):
       ^^^^^^^^^^^^^^^^^^^^^^^^^
..\..\..\..\AppData\Local\Programs\Python\Python312\Lib\site-packages\passlib\handlers\bcrypt.py:380: in detect_wrap_bug
    if verify(secret, bug_hash):
       ^^^^^^^^^^^^^^^^^^^^^^^^
..\..\..\..\AppData\Local\Programs\Python\Python312\Lib\site-packages\passlib\utils\handlers.py:792: in verify
    return consteq(self._calc_checksum(secret), chk)
                   ^^^^^^^^^^^^^^^^^^^^^^^^^^^
_ _ _ _ _ _ _ _ _ _ _ _ _ _ _ _ _ _ _ _ _ _ _ _ _ _ _ _ _ _ _ _ _ _ _ _ _ _ _ _

self = <passlib.handlers.bcrypt._BcryptBackend object at 0x0000020385383FB0>
secret = b'01234567890123456789012345678901234567890123456789012345678901234567890123456789012345678901234567890123456789012345...7890123456789012345678901234567890123456789012345678901234567890123456789012345678901234567890123456789012345678901234'

    def _calc_checksum(self, secret):
        # bcrypt behavior:
        #   secret must be bytes
        #   config must be ascii bytes
        #   returns ascii bytes
        secret, ident = self._prepare_digest_args(secret)
        config = self._get_config(ident)
        if isinstance(config, unicode):
            config = config.encode("ascii")
>       hash = _bcrypt.hashpw(secret, config)
               ^^^^^^^^^^^^^^^^^^^^^^^^^^^^^^
E       ValueError: password cannot be longer than 72 bytes, truncate manually if necessary (e.g. my_password[:72])

..\..\..\..\AppData\Local\Programs\Python\Python312\Lib\site-packages\passlib\handlers\bcrypt.py:655: ValueError
------------------------------ Captured log call ------------------------------
WARNING  passlib.handlers.bcrypt:bcrypt.py:622 (trapped) error reading bcrypt version
Traceback (most recent call last):
  File "C:\Users\hpwor\AppData\Local\Programs\Python\Python312\Lib\site-packages\passlib\handlers\bcrypt.py", line 620, in _load_backend_mixin
    version = _bcrypt.__about__.__version__
              ^^^^^^^^^^^^^^^^^
AttributeError: module 'bcrypt' has no attribute '__about__'
________________________ test_register_duplicate_email ________________________

client = <starlette.testclient.TestClient object at 0x00000203852DB110>

    def test_register_duplicate_email(client):
        """
        Test that registering with an existing email fails.
        Expected: HTTP 400 Bad Request.
        """
        payload = {
            "name": "First User",
            "email": "unique@example.com",
            "password": "password123"
        }
        # First registration
>       client.post("/auth/register", json=payload)

tests\test_auth.py:33: 
_ _ _ _ _ _ _ _ _ _ _ _ _ _ _ _ _ _ _ _ _ _ _ _ _ _ _ _ _ _ _ _ _ _ _ _ _ _ _ _
..\..\..\..\AppData\Local\Programs\Python\Python312\Lib\site-packages\starlette\testclient.py:546: in post
    return super().post(
..\..\..\..\AppData\Local\Programs\Python\Python312\Lib\site-packages\httpx\_client.py:1144: in post
    return self.request(
..\..\..\..\AppData\Local\Programs\Python\Python312\Lib\site-packages\starlette\testclient.py:445: in request
    return super().request(
..\..\..\..\AppData\Local\Programs\Python\Python312\Lib\site-packages\httpx\_client.py:825: in request
    return self.send(request, auth=auth, follow_redirects=follow_redirects)
           ^^^^^^^^^^^^^^^^^^^^^^^^^^^^^^^^^^^^^^^^^^^^^^^^^^^^^^^^^^^^^^^^
..\..\..\..\AppData\Local\Programs\Python\Python312\Lib\site-packages\httpx\_client.py:914: in send
    response = self._send_handling_auth(
..\..\..\..\AppData\Local\Programs\Python\Python312\Lib\site-packages\httpx\_client.py:942: in _send_handling_auth
    response = self._send_handling_redirects(
..\..\..\..\AppData\Local\Programs\Python\Python312\Lib\site-packages\httpx\_client.py:979: in _send_handling_redirects
    response = self._send_single_request(request)
               ^^^^^^^^^^^^^^^^^^^^^^^^^^^^^^^^^^
..\..\..\..\AppData\Local\Programs\Python\Python312\Lib\site-packages\httpx\_client.py:1014: in _send_single_request
    response = transport.handle_request(request)
               ^^^^^^^^^^^^^^^^^^^^^^^^^^^^^^^^^
..\..\..\..\AppData\Local\Programs\Python\Python312\Lib\site-packages\starlette\testclient.py:348: in handle_request
    raise exc
..\..\..\..\AppData\Local\Programs\Python\Python312\Lib\site-packages\starlette\testclient.py:345: in handle_request
    portal.call(self.app, scope, receive, send)
..\..\..\..\AppData\Local\Programs\Python\Python312\Lib\site-packages\anyio\from_thread.py:321: in call
    return cast(T_Retval, self.start_task_soon(func, *args).result())
                          ^^^^^^^^^^^^^^^^^^^^^^^^^^^^^^^^^^^^^^^^^^
..\..\..\..\AppData\Local\Programs\Python\Python312\Lib\concurrent\futures\_base.py:456: in result
    return self.__get_result()
           ^^^^^^^^^^^^^^^^^^^
..\..\..\..\AppData\Local\Programs\Python\Python312\Lib\concurrent\futures\_base.py:401: in __get_result
    raise self._exception
..\..\..\..\AppData\Local\Programs\Python\Python312\Lib\site-packages\anyio\from_thread.py:252: in _call_func
    retval = await retval_or_awaitable
             ^^^^^^^^^^^^^^^^^^^^^^^^^
..\..\..\..\AppData\Local\Programs\Python\Python312\Lib\site-packages\fastapi\applications.py:1139: in __call__
    await super().__call__(scope, receive, send)
..\..\..\..\AppData\Local\Programs\Python\Python312\Lib\site-packages\starlette\applications.py:107: in __call__
    await self.middleware_stack(scope, receive, send)
..\..\..\..\AppData\Local\Programs\Python\Python312\Lib\site-packages\starlette\middleware\errors.py:186: in __call__
    raise exc
..\..\..\..\AppData\Local\Programs\Python\Python312\Lib\site-packages\starlette\middleware\errors.py:164: in __call__
    await self.app(scope, receive, _send)
..\..\..\..\AppData\Local\Programs\Python\Python312\Lib\site-packages\starlette\middleware\exceptions.py:63: in __call__
    await wrap_app_handling_exceptions(self.app, conn)(scope, receive, send)
..\..\..\..\AppData\Local\Programs\Python\Python312\Lib\site-packages\starlette\_exception_handler.py:53: in wrapped_app
    raise exc
..\..\..\..\AppData\Local\Programs\Python\Python312\Lib\site-packages\starlette\_exception_handler.py:42: in wrapped_app
    await app(scope, receive, sender)
..\..\..\..\AppData\Local\Programs\Python\Python312\Lib\site-packages\fastapi\middleware\asyncexitstack.py:18: in __call__
    await self.app(scope, receive, send)
..\..\..\..\AppData\Local\Programs\Python\Python312\Lib\site-packages\starlette\routing.py:716: in __call__
    await self.middleware_stack(scope, receive, send)
..\..\..\..\AppData\Local\Programs\Python\Python312\Lib\site-packages\starlette\routing.py:736: in app
    await route.handle(scope, receive, send)
..\..\..\..\AppData\Local\Programs\Python\Python312\Lib\site-packages\starlette\routing.py:290: in handle
    await self.app(scope, receive, send)
..\..\..\..\AppData\Local\Programs\Python\Python312\Lib\site-packages\fastapi\routing.py:120: in app
    await wrap_app_handling_exceptions(app, request)(scope, receive, send)
..\..\..\..\AppData\Local\Programs\Python\Python312\Lib\site-packages\starlette\_exception_handler.py:53: in wrapped_app
    raise exc
..\..\..\..\AppData\Local\Programs\Python\Python312\Lib\site-packages\starlette\_exception_handler.py:42: in wrapped_app
    await app(scope, receive, sender)
..\..\..\..\AppData\Local\Programs\Python\Python312\Lib\site-packages\fastapi\routing.py:106: in app
    response = await f(request)
               ^^^^^^^^^^^^^^^^
..\..\..\..\AppData\Local\Programs\Python\Python312\Lib\site-packages\fastapi\routing.py:430: in app
    raw_response = await run_endpoint_function(
..\..\..\..\AppData\Local\Programs\Python\Python312\Lib\site-packages\fastapi\routing.py:318: in run_endpoint_function
    return await run_in_threadpool(dependant.call, **values)
           ^^^^^^^^^^^^^^^^^^^^^^^^^^^^^^^^^^^^^^^^^^^^^^^^^
..\..\..\..\AppData\Local\Programs\Python\Python312\Lib\site-packages\starlette\concurrency.py:32: in run_in_threadpool
    return await anyio.to_thread.run_sync(func)
           ^^^^^^^^^^^^^^^^^^^^^^^^^^^^^^^^^^^^
..\..\..\..\AppData\Local\Programs\Python\Python312\Lib\site-packages\anyio\to_thread.py:56: in run_sync
    return await get_async_backend().run_sync_in_worker_thread(
..\..\..\..\AppData\Local\Programs\Python\Python312\Lib\site-packages\anyio\_backends\_asyncio.py:2485: in run_sync_in_worker_thread
    return await future
           ^^^^^^^^^^^^
..\..\..\..\AppData\Local\Programs\Python\Python312\Lib\site-packages\anyio\_backends\_asyncio.py:976: in run
    result = context.run(func, *args)
             ^^^^^^^^^^^^^^^^^^^^^^^^
app\api\auth.py:24: in register
    password_hash=get_password_hash(user_in.password),
                  ^^^^^^^^^^^^^^^^^^^^^^^^^^^^^^^^^^^
app\core\security.py:20: in get_password_hash
    return pwd_context.hash(password)
           ^^^^^^^^^^^^^^^^^^^^^^^^^^
..\..\..\..\AppData\Local\Programs\Python\Python312\Lib\site-packages\passlib\context.py:2258: in hash
    return record.hash(secret, **kwds)
           ^^^^^^^^^^^^^^^^^^^^^^^^^^^
..\..\..\..\AppData\Local\Programs\Python\Python312\Lib\site-packages\passlib\utils\handlers.py:779: in hash
    self.checksum = self._calc_checksum(secret)
                    ^^^^^^^^^^^^^^^^^^^^^^^^^^^
..\..\..\..\AppData\Local\Programs\Python\Python312\Lib\site-packages\passlib\handlers\bcrypt.py:591: in _calc_checksum
    self._stub_requires_backend()
..\..\..\..\AppData\Local\Programs\Python\Python312\Lib\site-packages\passlib\utils\handlers.py:2254: in _stub_requires_backend
    cls.set_backend()
..\..\..\..\AppData\Local\Programs\Python\Python312\Lib\site-packages\passlib\utils\handlers.py:2156: in set_backend
    return owner.set_backend(name, dryrun=dryrun)
           ^^^^^^^^^^^^^^^^^^^^^^^^^^^^^^^^^^^^^^
..\..\..\..\AppData\Local\Programs\Python\Python312\Lib\site-packages\passlib\utils\handlers.py:2163: in set_backend
    return cls.set_backend(name, dryrun=dryrun)
           ^^^^^^^^^^^^^^^^^^^^^^^^^^^^^^^^^^^^
..\..\..\..\AppData\Local\Programs\Python\Python312\Lib\site-packages\passlib\utils\handlers.py:2188: in set_backend
    cls._set_backend(name, dryrun)
..\..\..\..\AppData\Local\Programs\Python\Python312\Lib\site-packages\passlib\utils\handlers.py:2311: in _set_backend
    super(SubclassBackendMixin, cls)._set_backend(name, dryrun)
..\..\..\..\AppData\Local\Programs\Python\Python312\Lib\site-packages\passlib\utils\handlers.py:2224: in _set_backend
    ok = loader(**kwds)
         ^^^^^^^^^^^^^^
..\..\..\..\AppData\Local\Programs\Python\Python312\Lib\site-packages\passlib\handlers\bcrypt.py:626: in _load_backend_mixin
    return mixin_cls._finalize_backend_mixin(name, dryrun)
           ^^^^^^^^^^^^^^^^^^^^^^^^^^^^^^^^^^^^^^^^^^^^^^^
..\..\..\..\AppData\Local\Programs\Python\Python312\Lib\site-packages\passlib\handlers\bcrypt.py:421: in _finalize_backend_mixin
    if detect_wrap_bug(IDENT_2A):
       ^^^^^^^^^^^^^^^^^^^^^^^^^
..\..\..\..\AppData\Local\Programs\Python\Python312\Lib\site-packages\passlib\handlers\bcrypt.py:380: in detect_wrap_bug
    if verify(secret, bug_hash):
       ^^^^^^^^^^^^^^^^^^^^^^^^
..\..\..\..\AppData\Local\Programs\Python\Python312\Lib\site-packages\passlib\utils\handlers.py:792: in verify
    return consteq(self._calc_checksum(secret), chk)
                   ^^^^^^^^^^^^^^^^^^^^^^^^^^^
_ _ _ _ _ _ _ _ _ _ _ _ _ _ _ _ _ _ _ _ _ _ _ _ _ _ _ _ _ _ _ _ _ _ _ _ _ _ _ _

self = <passlib.handlers.bcrypt._BcryptBackend object at 0x0000020385561DC0>
secret = b'01234567890123456789012345678901234567890123456789012345678901234567890123456789012345678901234567890123456789012345...7890123456789012345678901234567890123456789012345678901234567890123456789012345678901234567890123456789012345678901234'

    def _calc_checksum(self, secret):
        # bcrypt behavior:
        #   secret must be bytes
        #   config must be ascii bytes
        #   returns ascii bytes
        secret, ident = self._prepare_digest_args(secret)
        config = self._get_config(ident)
        if isinstance(config, unicode):
            config = config.encode("ascii")
>       hash = _bcrypt.hashpw(secret, config)
               ^^^^^^^^^^^^^^^^^^^^^^^^^^^^^^
E       ValueError: password cannot be longer than 72 bytes, truncate manually if necessary (e.g. my_password[:72])

..\..\..\..\AppData\Local\Programs\Python\Python312\Lib\site-packages\passlib\handlers\bcrypt.py:655: ValueError
------------------------------ Captured log call ------------------------------
WARNING  passlib.handlers.bcrypt:bcrypt.py:622 (trapped) error reading bcrypt version
Traceback (most recent call last):
  File "C:\Users\hpwor\AppData\Local\Programs\Python\Python312\Lib\site-packages\passlib\handlers\bcrypt.py", line 620, in _load_backend_mixin
    version = _bcrypt.__about__.__version__
              ^^^^^^^^^^^^^^^^^
AttributeError: module 'bcrypt' has no attribute '__about__'
_____________________________ test_login_success ______________________________

client = <starlette.testclient.TestClient object at 0x0000020385563CB0>

    def test_login_success(client):
        """
        Test that a registered user can login and receive an access token.
        Expected: HTTP 200 OK and JWT token in response.
        """
        # Setup: Register a user first
        register_payload = {
            "name": "Login User",
            "email": "login@example.com",
            "password": "password123"
        }
>       client.post("/auth/register", json=register_payload)

tests\test_auth.py:53: 
_ _ _ _ _ _ _ _ _ _ _ _ _ _ _ _ _ _ _ _ _ _ _ _ _ _ _ _ _ _ _ _ _ _ _ _ _ _ _ _
..\..\..\..\AppData\Local\Programs\Python\Python312\Lib\site-packages\starlette\testclient.py:546: in post
    return super().post(
..\..\..\..\AppData\Local\Programs\Python\Python312\Lib\site-packages\httpx\_client.py:1144: in post
    return self.request(
..\..\..\..\AppData\Local\Programs\Python\Python312\Lib\site-packages\starlette\testclient.py:445: in request
    return super().request(
..\..\..\..\AppData\Local\Programs\Python\Python312\Lib\site-packages\httpx\_client.py:825: in request
    return self.send(request, auth=auth, follow_redirects=follow_redirects)
           ^^^^^^^^^^^^^^^^^^^^^^^^^^^^^^^^^^^^^^^^^^^^^^^^^^^^^^^^^^^^^^^^
..\..\..\..\AppData\Local\Programs\Python\Python312\Lib\site-packages\httpx\_client.py:914: in send
    response = self._send_handling_auth(
..\..\..\..\AppData\Local\Programs\Python\Python312\Lib\site-packages\httpx\_client.py:942: in _send_handling_auth
    response = self._send_handling_redirects(
..\..\..\..\AppData\Local\Programs\Python\Python312\Lib\site-packages\httpx\_client.py:979: in _send_handling_redirects
    response = self._send_single_request(request)
               ^^^^^^^^^^^^^^^^^^^^^^^^^^^^^^^^^^
..\..\..\..\AppData\Local\Programs\Python\Python312\Lib\site-packages\httpx\_client.py:1014: in _send_single_request
    response = transport.handle_request(request)
               ^^^^^^^^^^^^^^^^^^^^^^^^^^^^^^^^^
..\..\..\..\AppData\Local\Programs\Python\Python312\Lib\site-packages\starlette\testclient.py:348: in handle_request
    raise exc
..\..\..\..\AppData\Local\Programs\Python\Python312\Lib\site-packages\starlette\testclient.py:345: in handle_request
    portal.call(self.app, scope, receive, send)
..\..\..\..\AppData\Local\Programs\Python\Python312\Lib\site-packages\anyio\from_thread.py:321: in call
    return cast(T_Retval, self.start_task_soon(func, *args).result())
                          ^^^^^^^^^^^^^^^^^^^^^^^^^^^^^^^^^^^^^^^^^^
..\..\..\..\AppData\Local\Programs\Python\Python312\Lib\concurrent\futures\_base.py:456: in result
    return self.__get_result()
           ^^^^^^^^^^^^^^^^^^^
..\..\..\..\AppData\Local\Programs\Python\Python312\Lib\concurrent\futures\_base.py:401: in __get_result
    raise self._exception
..\..\..\..\AppData\Local\Programs\Python\Python312\Lib\site-packages\anyio\from_thread.py:252: in _call_func
    retval = await retval_or_awaitable
             ^^^^^^^^^^^^^^^^^^^^^^^^^
..\..\..\..\AppData\Local\Programs\Python\Python312\Lib\site-packages\fastapi\applications.py:1139: in __call__
    await super().__call__(scope, receive, send)
..\..\..\..\AppData\Local\Programs\Python\Python312\Lib\site-packages\starlette\applications.py:107: in __call__
    await self.middleware_stack(scope, receive, send)
..\..\..\..\AppData\Local\Programs\Python\Python312\Lib\site-packages\starlette\middleware\errors.py:186: in __call__
    raise exc
..\..\..\..\AppData\Local\Programs\Python\Python312\Lib\site-packages\starlette\middleware\errors.py:164: in __call__
    await self.app(scope, receive, _send)
..\..\..\..\AppData\Local\Programs\Python\Python312\Lib\site-packages\starlette\middleware\exceptions.py:63: in __call__
    await wrap_app_handling_exceptions(self.app, conn)(scope, receive, send)
..\..\..\..\AppData\Local\Programs\Python\Python312\Lib\site-packages\starlette\_exception_handler.py:53: in wrapped_app
    raise exc
..\..\..\..\AppData\Local\Programs\Python\Python312\Lib\site-packages\starlette\_exception_handler.py:42: in wrapped_app
    await app(scope, receive, sender)
..\..\..\..\AppData\Local\Programs\Python\Python312\Lib\site-packages\fastapi\middleware\asyncexitstack.py:18: in __call__
    await self.app(scope, receive, send)
..\..\..\..\AppData\Local\Programs\Python\Python312\Lib\site-packages\starlette\routing.py:716: in __call__
    await self.middleware_stack(scope, receive, send)
..\..\..\..\AppData\Local\Programs\Python\Python312\Lib\site-packages\starlette\routing.py:736: in app
    await route.handle(scope, receive, send)
..\..\..\..\AppData\Local\Programs\Python\Python312\Lib\site-packages\starlette\routing.py:290: in handle
    await self.app(scope, receive, send)
..\..\..\..\AppData\Local\Programs\Python\Python312\Lib\site-packages\fastapi\routing.py:120: in app
    await wrap_app_handling_exceptions(app, request)(scope, receive, send)
..\..\..\..\AppData\Local\Programs\Python\Python312\Lib\site-packages\starlette\_exception_handler.py:53: in wrapped_app
    raise exc
..\..\..\..\AppData\Local\Programs\Python\Python312\Lib\site-packages\starlette\_exception_handler.py:42: in wrapped_app
    await app(scope, receive, sender)
..\..\..\..\AppData\Local\Programs\Python\Python312\Lib\site-packages\fastapi\routing.py:106: in app
    response = await f(request)
               ^^^^^^^^^^^^^^^^
..\..\..\..\AppData\Local\Programs\Python\Python312\Lib\site-packages\fastapi\routing.py:430: in app
    raw_response = await run_endpoint_function(
..\..\..\..\AppData\Local\Programs\Python\Python312\Lib\site-packages\fastapi\routing.py:318: in run_endpoint_function
    return await run_in_threadpool(dependant.call, **values)
           ^^^^^^^^^^^^^^^^^^^^^^^^^^^^^^^^^^^^^^^^^^^^^^^^^
..\..\..\..\AppData\Local\Programs\Python\Python312\Lib\site-packages\starlette\concurrency.py:32: in run_in_threadpool
    return await anyio.to_thread.run_sync(func)
           ^^^^^^^^^^^^^^^^^^^^^^^^^^^^^^^^^^^^
..\..\..\..\AppData\Local\Programs\Python\Python312\Lib\site-packages\anyio\to_thread.py:56: in run_sync
    return await get_async_backend().run_sync_in_worker_thread(
..\..\..\..\AppData\Local\Programs\Python\Python312\Lib\site-packages\anyio\_backends\_asyncio.py:2485: in run_sync_in_worker_thread
    return await future
           ^^^^^^^^^^^^
..\..\..\..\AppData\Local\Programs\Python\Python312\Lib\site-packages\anyio\_backends\_asyncio.py:976: in run
    result = context.run(func, *args)
             ^^^^^^^^^^^^^^^^^^^^^^^^
app\api\auth.py:24: in register
    password_hash=get_password_hash(user_in.password),
                  ^^^^^^^^^^^^^^^^^^^^^^^^^^^^^^^^^^^
app\core\security.py:20: in get_password_hash
    return pwd_context.hash(password)
           ^^^^^^^^^^^^^^^^^^^^^^^^^^
..\..\..\..\AppData\Local\Programs\Python\Python312\Lib\site-packages\passlib\context.py:2258: in hash
    return record.hash(secret, **kwds)
           ^^^^^^^^^^^^^^^^^^^^^^^^^^^
..\..\..\..\AppData\Local\Programs\Python\Python312\Lib\site-packages\passlib\utils\handlers.py:779: in hash
    self.checksum = self._calc_checksum(secret)
                    ^^^^^^^^^^^^^^^^^^^^^^^^^^^
..\..\..\..\AppData\Local\Programs\Python\Python312\Lib\site-packages\passlib\handlers\bcrypt.py:591: in _calc_checksum
    self._stub_requires_backend()
..\..\..\..\AppData\Local\Programs\Python\Python312\Lib\site-packages\passlib\utils\handlers.py:2254: in _stub_requires_backend
    cls.set_backend()
..\..\..\..\AppData\Local\Programs\Python\Python312\Lib\site-packages\passlib\utils\handlers.py:2156: in set_backend
    return owner.set_backend(name, dryrun=dryrun)
           ^^^^^^^^^^^^^^^^^^^^^^^^^^^^^^^^^^^^^^
..\..\..\..\AppData\Local\Programs\Python\Python312\Lib\site-packages\passlib\utils\handlers.py:2163: in set_backend
    return cls.set_backend(name, dryrun=dryrun)
           ^^^^^^^^^^^^^^^^^^^^^^^^^^^^^^^^^^^^
..\..\..\..\AppData\Local\Programs\Python\Python312\Lib\site-packages\passlib\utils\handlers.py:2188: in set_backend
    cls._set_backend(name, dryrun)
..\..\..\..\AppData\Local\Programs\Python\Python312\Lib\site-packages\passlib\utils\handlers.py:2311: in _set_backend
    super(SubclassBackendMixin, cls)._set_backend(name, dryrun)
..\..\..\..\AppData\Local\Programs\Python\Python312\Lib\site-packages\passlib\utils\handlers.py:2224: in _set_backend
    ok = loader(**kwds)
         ^^^^^^^^^^^^^^
..\..\..\..\AppData\Local\Programs\Python\Python312\Lib\site-packages\passlib\handlers\bcrypt.py:626: in _load_backend_mixin
    return mixin_cls._finalize_backend_mixin(name, dryrun)
           ^^^^^^^^^^^^^^^^^^^^^^^^^^^^^^^^^^^^^^^^^^^^^^^
..\..\..\..\AppData\Local\Programs\Python\Python312\Lib\site-packages\passlib\handlers\bcrypt.py:421: in _finalize_backend_mixin
    if detect_wrap_bug(IDENT_2A):
       ^^^^^^^^^^^^^^^^^^^^^^^^^
..\..\..\..\AppData\Local\Programs\Python\Python312\Lib\site-packages\passlib\handlers\bcrypt.py:380: in detect_wrap_bug
    if verify(secret, bug_hash):
       ^^^^^^^^^^^^^^^^^^^^^^^^
..\..\..\..\AppData\Local\Programs\Python\Python312\Lib\site-packages\passlib\utils\handlers.py:792: in verify
    return consteq(self._calc_checksum(secret), chk)
                   ^^^^^^^^^^^^^^^^^^^^^^^^^^^
_ _ _ _ _ _ _ _ _ _ _ _ _ _ _ _ _ _ _ _ _ _ _ _ _ _ _ _ _ _ _ _ _ _ _ _ _ _ _ _

self = <passlib.handlers.bcrypt._BcryptBackend object at 0x00000203852DB140>
secret = b'01234567890123456789012345678901234567890123456789012345678901234567890123456789012345678901234567890123456789012345...7890123456789012345678901234567890123456789012345678901234567890123456789012345678901234567890123456789012345678901234'

    def _calc_checksum(self, secret):
        # bcrypt behavior:
        #   secret must be bytes
        #   config must be ascii bytes
        #   returns ascii bytes
        secret, ident = self._prepare_digest_args(secret)
        config = self._get_config(ident)
        if isinstance(config, unicode):
            config = config.encode("ascii")
>       hash = _bcrypt.hashpw(secret, config)
               ^^^^^^^^^^^^^^^^^^^^^^^^^^^^^^
E       ValueError: password cannot be longer than 72 bytes, truncate manually if necessary (e.g. my_password[:72])

..\..\..\..\AppData\Local\Programs\Python\Python312\Lib\site-packages\passlib\handlers\bcrypt.py:655: ValueError
------------------------------ Captured log call ------------------------------
WARNING  passlib.handlers.bcrypt:bcrypt.py:622 (trapped) error reading bcrypt version
Traceback (most recent call last):
  File "C:\Users\hpwor\AppData\Local\Programs\Python\Python312\Lib\site-packages\passlib\handlers\bcrypt.py", line 620, in _load_backend_mixin
    version = _bcrypt.__about__.__version__
              ^^^^^^^^^^^^^^^^^
AttributeError: module 'bcrypt' has no attribute '__about__'
__________________________ test_login_wrong_password __________________________

client = <starlette.testclient.TestClient object at 0x00000203854C4AA0>

    def test_login_wrong_password(client):
        """
        Test that login fails with incorrect password.
        Expected: HTTP 401 Unauthorized.
        """
        # Setup: Register
        register_payload = {
            "name": "Wrong Pass User",
            "email": "wrong@example.com",
            "password": "correctpassword"
        }
>       client.post("/auth/register", json=register_payload)

tests\test_auth.py:88: 
_ _ _ _ _ _ _ _ _ _ _ _ _ _ _ _ _ _ _ _ _ _ _ _ _ _ _ _ _ _ _ _ _ _ _ _ _ _ _ _
..\..\..\..\AppData\Local\Programs\Python\Python312\Lib\site-packages\starlette\testclient.py:546: in post
    return super().post(
..\..\..\..\AppData\Local\Programs\Python\Python312\Lib\site-packages\httpx\_client.py:1144: in post
    return self.request(
..\..\..\..\AppData\Local\Programs\Python\Python312\Lib\site-packages\starlette\testclient.py:445: in request
    return super().request(
..\..\..\..\AppData\Local\Programs\Python\Python312\Lib\site-packages\httpx\_client.py:825: in request
    return self.send(request, auth=auth, follow_redirects=follow_redirects)
           ^^^^^^^^^^^^^^^^^^^^^^^^^^^^^^^^^^^^^^^^^^^^^^^^^^^^^^^^^^^^^^^^
..\..\..\..\AppData\Local\Programs\Python\Python312\Lib\site-packages\httpx\_client.py:914: in send
    response = self._send_handling_auth(
..\..\..\..\AppData\Local\Programs\Python\Python312\Lib\site-packages\httpx\_client.py:942: in _send_handling_auth
    response = self._send_handling_redirects(
..\..\..\..\AppData\Local\Programs\Python\Python312\Lib\site-packages\httpx\_client.py:979: in _send_handling_redirects
    response = self._send_single_request(request)
               ^^^^^^^^^^^^^^^^^^^^^^^^^^^^^^^^^^
..\..\..\..\AppData\Local\Programs\Python\Python312\Lib\site-packages\httpx\_client.py:1014: in _send_single_request
    response = transport.handle_request(request)
               ^^^^^^^^^^^^^^^^^^^^^^^^^^^^^^^^^
..\..\..\..\AppData\Local\Programs\Python\Python312\Lib\site-packages\starlette\testclient.py:348: in handle_request
    raise exc
..\..\..\..\AppData\Local\Programs\Python\Python312\Lib\site-packages\starlette\testclient.py:345: in handle_request
    portal.call(self.app, scope, receive, send)
..\..\..\..\AppData\Local\Programs\Python\Python312\Lib\site-packages\anyio\from_thread.py:321: in call
    return cast(T_Retval, self.start_task_soon(func, *args).result())
                          ^^^^^^^^^^^^^^^^^^^^^^^^^^^^^^^^^^^^^^^^^^
..\..\..\..\AppData\Local\Programs\Python\Python312\Lib\concurrent\futures\_base.py:456: in result
    return self.__get_result()
           ^^^^^^^^^^^^^^^^^^^
..\..\..\..\AppData\Local\Programs\Python\Python312\Lib\concurrent\futures\_base.py:401: in __get_result
    raise self._exception
..\..\..\..\AppData\Local\Programs\Python\Python312\Lib\site-packages\anyio\from_thread.py:252: in _call_func
    retval = await retval_or_awaitable
             ^^^^^^^^^^^^^^^^^^^^^^^^^
..\..\..\..\AppData\Local\Programs\Python\Python312\Lib\site-packages\fastapi\applications.py:1139: in __call__
    await super().__call__(scope, receive, send)
..\..\..\..\AppData\Local\Programs\Python\Python312\Lib\site-packages\starlette\applications.py:107: in __call__
    await self.middleware_stack(scope, receive, send)
..\..\..\..\AppData\Local\Programs\Python\Python312\Lib\site-packages\starlette\middleware\errors.py:186: in __call__
    raise exc
..\..\..\..\AppData\Local\Programs\Python\Python312\Lib\site-packages\starlette\middleware\errors.py:164: in __call__
    await self.app(scope, receive, _send)
..\..\..\..\AppData\Local\Programs\Python\Python312\Lib\site-packages\starlette\middleware\exceptions.py:63: in __call__
    await wrap_app_handling_exceptions(self.app, conn)(scope, receive, send)
..\..\..\..\AppData\Local\Programs\Python\Python312\Lib\site-packages\starlette\_exception_handler.py:53: in wrapped_app
    raise exc
..\..\..\..\AppData\Local\Programs\Python\Python312\Lib\site-packages\starlette\_exception_handler.py:42: in wrapped_app
    await app(scope, receive, sender)
..\..\..\..\AppData\Local\Programs\Python\Python312\Lib\site-packages\fastapi\middleware\asyncexitstack.py:18: in __call__
    await self.app(scope, receive, send)
..\..\..\..\AppData\Local\Programs\Python\Python312\Lib\site-packages\starlette\routing.py:716: in __call__
    await self.middleware_stack(scope, receive, send)
..\..\..\..\AppData\Local\Programs\Python\Python312\Lib\site-packages\starlette\routing.py:736: in app
    await route.handle(scope, receive, send)
..\..\..\..\AppData\Local\Programs\Python\Python312\Lib\site-packages\starlette\routing.py:290: in handle
    await self.app(scope, receive, send)
..\..\..\..\AppData\Local\Programs\Python\Python312\Lib\site-packages\fastapi\routing.py:120: in app
    await wrap_app_handling_exceptions(app, request)(scope, receive, send)
..\..\..\..\AppData\Local\Programs\Python\Python312\Lib\site-packages\starlette\_exception_handler.py:53: in wrapped_app
    raise exc
..\..\..\..\AppData\Local\Programs\Python\Python312\Lib\site-packages\starlette\_exception_handler.py:42: in wrapped_app
    await app(scope, receive, sender)
..\..\..\..\AppData\Local\Programs\Python\Python312\Lib\site-packages\fastapi\routing.py:106: in app
    response = await f(request)
               ^^^^^^^^^^^^^^^^
..\..\..\..\AppData\Local\Programs\Python\Python312\Lib\site-packages\fastapi\routing.py:430: in app
    raw_response = await run_endpoint_function(
..\..\..\..\AppData\Local\Programs\Python\Python312\Lib\site-packages\fastapi\routing.py:318: in run_endpoint_function
    return await run_in_threadpool(dependant.call, **values)
           ^^^^^^^^^^^^^^^^^^^^^^^^^^^^^^^^^^^^^^^^^^^^^^^^^
..\..\..\..\AppData\Local\Programs\Python\Python312\Lib\site-packages\starlette\concurrency.py:32: in run_in_threadpool
    return await anyio.to_thread.run_sync(func)
           ^^^^^^^^^^^^^^^^^^^^^^^^^^^^^^^^^^^^
..\..\..\..\AppData\Local\Programs\Python\Python312\Lib\site-packages\anyio\to_thread.py:56: in run_sync
    return await get_async_backend().run_sync_in_worker_thread(
..\..\..\..\AppData\Local\Programs\Python\Python312\Lib\site-packages\anyio\_backends\_asyncio.py:2485: in run_sync_in_worker_thread
    return await future
           ^^^^^^^^^^^^
..\..\..\..\AppData\Local\Programs\Python\Python312\Lib\site-packages\anyio\_backends\_asyncio.py:976: in run
    result = context.run(func, *args)
             ^^^^^^^^^^^^^^^^^^^^^^^^
app\api\auth.py:24: in register
    password_hash=get_password_hash(user_in.password),
                  ^^^^^^^^^^^^^^^^^^^^^^^^^^^^^^^^^^^
app\core\security.py:20: in get_password_hash
    return pwd_context.hash(password)
           ^^^^^^^^^^^^^^^^^^^^^^^^^^
..\..\..\..\AppData\Local\Programs\Python\Python312\Lib\site-packages\passlib\context.py:2258: in hash
    return record.hash(secret, **kwds)
           ^^^^^^^^^^^^^^^^^^^^^^^^^^^
..\..\..\..\AppData\Local\Programs\Python\Python312\Lib\site-packages\passlib\utils\handlers.py:779: in hash
    self.checksum = self._calc_checksum(secret)
                    ^^^^^^^^^^^^^^^^^^^^^^^^^^^
..\..\..\..\AppData\Local\Programs\Python\Python312\Lib\site-packages\passlib\handlers\bcrypt.py:591: in _calc_checksum
    self._stub_requires_backend()
..\..\..\..\AppData\Local\Programs\Python\Python312\Lib\site-packages\passlib\utils\handlers.py:2254: in _stub_requires_backend
    cls.set_backend()
..\..\..\..\AppData\Local\Programs\Python\Python312\Lib\site-packages\passlib\utils\handlers.py:2156: in set_backend
    return owner.set_backend(name, dryrun=dryrun)
           ^^^^^^^^^^^^^^^^^^^^^^^^^^^^^^^^^^^^^^
..\..\..\..\AppData\Local\Programs\Python\Python312\Lib\site-packages\passlib\utils\handlers.py:2163: in set_backend
    return cls.set_backend(name, dryrun=dryrun)
           ^^^^^^^^^^^^^^^^^^^^^^^^^^^^^^^^^^^^
..\..\..\..\AppData\Local\Programs\Python\Python312\Lib\site-packages\passlib\utils\handlers.py:2188: in set_backend
    cls._set_backend(name, dryrun)
..\..\..\..\AppData\Local\Programs\Python\Python312\Lib\site-packages\passlib\utils\handlers.py:2311: in _set_backend
    super(SubclassBackendMixin, cls)._set_backend(name, dryrun)
..\..\..\..\AppData\Local\Programs\Python\Python312\Lib\site-packages\passlib\utils\handlers.py:2224: in _set_backend
    ok = loader(**kwds)
         ^^^^^^^^^^^^^^
..\..\..\..\AppData\Local\Programs\Python\Python312\Lib\site-packages\passlib\handlers\bcrypt.py:626: in _load_backend_mixin
    return mixin_cls._finalize_backend_mixin(name, dryrun)
           ^^^^^^^^^^^^^^^^^^^^^^^^^^^^^^^^^^^^^^^^^^^^^^^
..\..\..\..\AppData\Local\Programs\Python\Python312\Lib\site-packages\passlib\handlers\bcrypt.py:421: in _finalize_backend_mixin
    if detect_wrap_bug(IDENT_2A):
       ^^^^^^^^^^^^^^^^^^^^^^^^^
..\..\..\..\AppData\Local\Programs\Python\Python312\Lib\site-packages\passlib\handlers\bcrypt.py:380: in detect_wrap_bug
    if verify(secret, bug_hash):
       ^^^^^^^^^^^^^^^^^^^^^^^^
..\..\..\..\AppData\Local\Programs\Python\Python312\Lib\site-packages\passlib\utils\handlers.py:792: in verify
    return consteq(self._calc_checksum(secret), chk)
                   ^^^^^^^^^^^^^^^^^^^^^^^^^^^
_ _ _ _ _ _ _ _ _ _ _ _ _ _ _ _ _ _ _ _ _ _ _ _ _ _ _ _ _ _ _ _ _ _ _ _ _ _ _ _

self = <passlib.handlers.bcrypt._BcryptBackend object at 0x00000203855BE3C0>
secret = b'01234567890123456789012345678901234567890123456789012345678901234567890123456789012345678901234567890123456789012345...7890123456789012345678901234567890123456789012345678901234567890123456789012345678901234567890123456789012345678901234'

    def _calc_checksum(self, secret):
        # bcrypt behavior:
        #   secret must be bytes
        #   config must be ascii bytes
        #   returns ascii bytes
        secret, ident = self._prepare_digest_args(secret)
        config = self._get_config(ident)
        if isinstance(config, unicode):
            config = config.encode("ascii")
>       hash = _bcrypt.hashpw(secret, config)
               ^^^^^^^^^^^^^^^^^^^^^^^^^^^^^^
E       ValueError: password cannot be longer than 72 bytes, truncate manually if necessary (e.g. my_password[:72])

..\..\..\..\AppData\Local\Programs\Python\Python312\Lib\site-packages\passlib\handlers\bcrypt.py:655: ValueError
------------------------------ Captured log call ------------------------------
WARNING  passlib.handlers.bcrypt:bcrypt.py:622 (trapped) error reading bcrypt version
Traceback (most recent call last):
  File "C:\Users\hpwor\AppData\Local\Programs\Python\Python312\Lib\site-packages\passlib\handlers\bcrypt.py", line 620, in _load_backend_mixin
    version = _bcrypt.__about__.__version__
              ^^^^^^^^^^^^^^^^^
AttributeError: module 'bcrypt' has no attribute '__about__'
============================== warnings summary ===============================
app\db\base.py:5
  C:\Users\hpwor\OneDrive\Desktop\Sweet Shop Management System\backend\app\db\base.py:5: MovedIn20Warning: The ``declarative_base()`` function is now available as sqlalchemy.orm.declarative_base(). (deprecated since: 2.0) (Background on SQLAlchemy 2.0 at: https://sqlalche.me/e/b8d9)
    Base = declarative_base()

app\schemas\auth.py:11
  C:\Users\hpwor\OneDrive\Desktop\Sweet Shop Management System\backend\app\schemas\auth.py:11: PydanticDeprecatedSince20: Support for class-based `config` is deprecated, use ConfigDict instead. Deprecated in Pydantic V2.0 to be removed in V3.0. See Pydantic V2 Migration Guide at https://errors.pydantic.dev/2.12/migration/
    class UserResponse(UserBase):

..\..\..\..\AppData\Local\Programs\Python\Python312\Lib\site-packages\pydantic\_internal\_config.py:383
  C:\Users\hpwor\AppData\Local\Programs\Python\Python312\Lib\site-packages\pydantic\_internal\_config.py:383: UserWarning: Valid config keys have changed in V2:
  * 'orm_mode' has been renamed to 'from_attributes'
    warnings.warn(message, UserWarning)

-- Docs: https://docs.pytest.org/en/stable/how-to/capture-warnings.html
=========================== short test summary info ===========================
FAILED tests/test_auth.py::test_register_user_success - ValueError: password ...
FAILED tests/test_auth.py::test_register_duplicate_email - ValueError: passwo...
FAILED tests/test_auth.py::test_login_success - ValueError: password cannot b...
FAILED tests/test_auth.py::test_login_wrong_password - ValueError: password c...
======================== 4 failed, 3 warnings in 2.20s ========================
